../ThirdParty/FreeRTOS/event_groups.c:761:10:vEventGroupClearBitsCallback	16	static
../ThirdParty/FreeRTOS/event_groups.c:745:10:vEventGroupSetBitsCallback	32	static
../ThirdParty/FreeRTOS/event_groups.c:145:28:xEventGroupCreate	8	static
../ThirdParty/FreeRTOS/event_groups.c:312:17:xEventGroupWaitBits	24	static
../ThirdParty/FreeRTOS/event_groups.c:472:17:xEventGroupClearBits	16	static
../ThirdParty/FreeRTOS/event_groups.c:506:20:xEventGroupClearBitsFromISR	0	static
../ThirdParty/FreeRTOS/event_groups.c:524:17:xEventGroupGetBitsFromISR	8	static
../ThirdParty/FreeRTOS/event_groups.c:547:17:xEventGroupSetBits	32	static
../ThirdParty/FreeRTOS/event_groups.c:185:17:xEventGroupSync	24	static
../ThirdParty/FreeRTOS/event_groups.c:647:10:vEventGroupDelete	16	static
../ThirdParty/FreeRTOS/event_groups.c:814:20:xEventGroupSetBitsFromISR	4	static
../ThirdParty/FreeRTOS/event_groups.c:835:21:uxEventGroupGetNumber	0	static
../ThirdParty/FreeRTOS/event_groups.c:865:14:vEventGroupSetNumber	0	static
