../ThirdParty/FreeRTOS/timers.c:748:12:prvTimerTask	64	static
../ThirdParty/FreeRTOS/timers.c:237:16:xTimerCreateTimerTask	32	static
../ThirdParty/FreeRTOS/timers.c:336:23:xTimerCreate	48	static
../ThirdParty/FreeRTOS/timers.c:448:16:xTimerGenericCommandFromTask	24	static
../ThirdParty/FreeRTOS/timers.c:499:16:xTimerGenericCommandFromISR	24	static
../ThirdParty/FreeRTOS/timers.c:543:18:xTimerGetTimerDaemonTaskHandle	8	static
../ThirdParty/FreeRTOS/timers.c:557:16:xTimerGetPeriod	8	static
../ThirdParty/FreeRTOS/timers.c:571:10:vTimerSetReloadMode	16	static
../ThirdParty/FreeRTOS/timers.c:596:16:xTimerGetReloadMode	8	static
../ThirdParty/FreeRTOS/timers.c:624:17:uxTimerGetReloadMode	8	static
../ThirdParty/FreeRTOS/timers.c:638:16:xTimerGetExpiryTime	8	static
../ThirdParty/FreeRTOS/timers.c:685:18:pcTimerGetName	8	static
../ThirdParty/FreeRTOS/timers.c:1162:16:xTimerIsTimerActive	8	static
../ThirdParty/FreeRTOS/timers.c:1191:12:pvTimerGetTimerID	8	static
../ThirdParty/FreeRTOS/timers.c:1212:10:vTimerSetTimerID	16	static
../ThirdParty/FreeRTOS/timers.c:1233:20:xTimerPendFunctionCallFromISR	40	static
../ThirdParty/FreeRTOS/timers.c:1263:20:xTimerPendFunctionCall	32	static
../ThirdParty/FreeRTOS/timers.c:1298:21:uxTimerGetTimerNumber	0	static
../ThirdParty/FreeRTOS/timers.c:1312:14:vTimerSetTimerNumber	0	static
../ThirdParty/FreeRTOS/timers.c:1330:10:vTimerResetState	0	static
