../Core/Src/stm32h5xx_hal_msp.c:63:6:HAL_MspInit	0	static
../Core/Src/stm32h5xx_hal_msp.c:83:6:HAL_ADC_MspInit	40	static
../Core/Src/stm32h5xx_hal_msp.c:117:6:HAL_ADC_MspDeInit	0	static
../Core/Src/stm32h5xx_hal_msp.c:145:6:HAL_DCACHE_MspInit	8	static
../Core/Src/stm32h5xx_hal_msp.c:168:6:HAL_DCACHE_MspDeInit	0	static
../Core/Src/stm32h5xx_hal_msp.c:190:6:HAL_I2C_MspInit	304	static
../Core/Src/stm32h5xx_hal_msp.c:237:6:HAL_I2C_MspDeInit	8	static
../Core/Src/stm32h5xx_hal_msp.c:268:6:HAL_UART_MspInit	312	static
../Core/Src/stm32h5xx_hal_msp.c:349:6:HAL_UART_MspDeInit	0	static
