../Core/Src/stm32h5xx_hal_msp.c:63:6:HAL_MspInit	0	static
../Core/Src/stm32h5xx_hal_msp.c:83:6:HAL_ADC_MspInit	40	static
../Core/Src/stm32h5xx_hal_msp.c:117:6:HAL_ADC_MspDeInit	0	static
../Core/Src/stm32h5xx_hal_msp.c:145:6:HAL_DCACHE_MspInit	8	static
../Core/Src/stm32h5xx_hal_msp.c:168:6:HAL_DCACHE_MspDeInit	0	static
../Core/Src/stm32h5xx_hal_msp.c:190:6:HAL_I2C_MspInit	312	static
../Core/Src/stm32h5xx_hal_msp.c:269:6:HAL_I2C_MspDeInit	8	static
../Core/Src/stm32h5xx_hal_msp.c:320:6:HAL_UART_MspInit	312	static
../Core/Src/stm32h5xx_hal_msp.c:401:6:HAL_UART_MspDeInit	0	static
